<?xml version="1.0" encoding="UTF-8"?>
<TestRun id="11435886-7e66-4c28-81da-f514b341863a" name="Geert@DANTE 2011-08-03 10:52:22" runUser="DANTE\Geert" xmlns="http://microsoft.com/schemas/VisualStudio/TeamTest/2010">
  <TestSettings name="Local" id="5a8f1c0c-66b1-48e4-929b-7d94eb1600d3">
    <Description>These are default test settings for a local test run.</Description>
    <Deployment enabled="false" runDeploymentRoot="Geert_DANTE 2011-08-03 10_52_22">
      <DeploymentItem filename="D:\dotnetWorks\dbgen\dbgen\bin\Debug\dbgen.exe" />
    </Deployment>
    <Execution>
      <TestTypeSpecific />
      <AgentRule name="Execution Agents">
      </AgentRule>
    </Execution>
  </TestSettings>
  <Times creation="2011-08-03T10:52:22.8796965+02:00" queuing="2011-08-03T10:52:23.0217013+02:00" start="2011-08-03T10:52:23.0467027+02:00" finish="2011-08-03T10:52:23.3157175+02:00" />
  <ResultSummary outcome="Failed">
    <Counters total="1" executed="1" error="0" failed="1" timeout="0" aborted="0" inconclusive="0" passedButRunAborted="0" notRunnable="0" notExecuted="0" disconnected="0" warning="0" passed="0" completed="0" inProgress="0" pending="0" />
  </ResultSummary>
  <TestDefinitions>
    <UnitTest name="GetScriptPath_Empty" storage="d:\dotnetworks\dbgen\dbgen.tests\bin\debug\dbgen.tests.dll" id="a9b7b617-f9f1-d964-b864-930a422eba3a">
      <Execution id="4e6d8fe4-226c-4b4d-82f1-0bfd8bb2984f" />
      <TestMethod codeBase="D:/dotnetWorks/dbgen/dbgen.Tests/bin/Debug/dbgen.Tests.DLL" adapterTypeName="Microsoft.VisualStudio.TestTools.TestTypes.Unit.UnitTestAdapter, Microsoft.VisualStudio.QualityTools.Tips.UnitTest.Adapter, Version=10.0.0.0, Culture=neutral, PublicKeyToken=b03f5f7f11d50a3a" className="dbgen.Tests.ScriptFileHelperTest, dbgen.Tests, Version=1.0.0.0, Culture=neutral, PublicKeyToken=null" name="GetScriptPath_Empty" />
    </UnitTest>
  </TestDefinitions>
  <TestLists>
    <TestList name="Results Not in a List" id="8c84fa94-04c1-424b-9868-57a2d4851a1d" />
    <TestList name="All Loaded Results" id="19431567-8539-422a-85d7-44ee4e166bda" />
  </TestLists>
  <TestEntries>
    <TestEntry testId="a9b7b617-f9f1-d964-b864-930a422eba3a" executionId="4e6d8fe4-226c-4b4d-82f1-0bfd8bb2984f" testListId="8c84fa94-04c1-424b-9868-57a2d4851a1d" />
  </TestEntries>
  <Results>
    <UnitTestResult executionId="4e6d8fe4-226c-4b4d-82f1-0bfd8bb2984f" testId="a9b7b617-f9f1-d964-b864-930a422eba3a" testName="GetScriptPath_Empty" computerName="DANTE" duration="00:00:00.0338592" startTime="2011-08-03T10:52:23.0527030+02:00" endTime="2011-08-03T10:52:23.3037174+02:00" testType="13cdc9d9-ddb5-4fa4-a97d-d965ccfc6d4b" outcome="Failed" testListId="8c84fa94-04c1-424b-9868-57a2d4851a1d" relativeResultsDirectory="4e6d8fe4-226c-4b4d-82f1-0bfd8bb2984f">
      <Output>
        <ErrorInfo>
          <Message>Test method dbgen.Tests.ScriptFileHelperTest.GetScriptPath_Empty threw exception: 
System.NullReferenceException: Object reference not set to an instance of an object.</Message>
          <StackTrace>    at dbgen.ScriptFileHelper.GetScriptPath(ArgumentParser arguments) in D:\dotnetWorks\dbgen\dbgen\ScriptFileHelper.cs:line 14
   at dbgen.Tests.ScriptFileHelperTest.GetScriptPath_Empty() in D:\dotnetWorks\dbgen\dbgen.Tests\ScriptFileHelperTest.cs:line 75
</StackTrace>
        </ErrorInfo>
      </Output>
    </UnitTestResult>
  </Results>
</TestRun>